// Jest Snapshot v1, https://goo.gl/fbAQLP

exports[`<CssResetMinimalistic> renders as expected 1`] = `
"<style>* {
    padding: 0;
    margin: 0;
}
</style>"
`;
