// Jest Snapshot v1, https://goo.gl/fbAQLP

exports[`<CssResetUniversal> renders as expected 1`] = `"<style>*{vertical-align:baseline;font-weight:inherit;font-family:inherit;font-style:inherit;font-size:100%;border:0 none;outline:0;padding:0;margin:0;}</style>"`;
