// Jest Snapshot v1, https://goo.gl/fbAQLP

exports[`<CssResetMinimalistic3> renders as expected 1`] = `"<style>*{padding:0;margin:0;border:0;outline:0;}</style>"`;
